current directory: /Users/user/Desktop/Omodoit/vendor/bundle/ruby/4.0.0/gems/json-2.21.1/ext/json/ext/parser
/opt/homebrew/opt/ruby/bin/ruby extconf.rb
checking for rb_enc_interned_str() in ruby/encoding.h... yes
checking for rb_str_to_interned_str() in ruby.h... yes
checking for rb_hash_new_capa() in ruby.h... yes
checking for rb_hash_bulk_insert() in ruby.h... yes
checking for ruby_xfree_sized() in ruby.h... no
checking for x86intrin.h... no
checking for intrin.h... no
checking for RUBY_TYPED_EMBEDDABLE in ruby.h... yes
checking for whether -std=c99 is accepted as CFLAGS... yes
checking for arm_neon.h... yes
checking for cpuid.h... no
creating Makefile

current directory: /Users/user/Desktop/Omodoit/vendor/bundle/ruby/4.0.0/gems/json-2.21.1/ext/json/ext/parser
make -j3 DESTDIR\= sitearchdir\=./.gem.20260718-3033-yn1kv0 sitelibdir\=./.gem.20260718-3033-yn1kv0 clean

current directory: /Users/user/Desktop/Omodoit/vendor/bundle/ruby/4.0.0/gems/json-2.21.1/ext/json/ext/parser
make -j3 DESTDIR\= sitearchdir\=./.gem.20260718-3033-yn1kv0 sitelibdir\=./.gem.20260718-3033-yn1kv0
compiling parser.c
linking shared-object json/ext/parser.bundle

current directory: /Users/user/Desktop/Omodoit/vendor/bundle/ruby/4.0.0/gems/json-2.21.1/ext/json/ext/parser
make -j3 DESTDIR\= sitearchdir\=./.gem.20260718-3033-yn1kv0 sitelibdir\=./.gem.20260718-3033-yn1kv0 install
/usr/bin/install -c -m 0755 parser.bundle ./.gem.20260718-3033-yn1kv0/json/ext

current directory: /Users/user/Desktop/Omodoit/vendor/bundle/ruby/4.0.0/gems/json-2.21.1/ext/json/ext/parser
make DESTDIR\= sitearchdir\=./.gem.20260718-3033-yn1kv0 sitelibdir\=./.gem.20260718-3033-yn1kv0 clean
